###############################################################################
#
# IAR ANSI C/C++ Compiler V8.40.2.214/W32 for ARM         28/Mar/2020  09:59:20
# Copyright 1999-2019 IAR Systems AB.
#
#    Cpu mode     =  
#    Endian       =  little
#    Source file  =
#        D:\kraizette\STD\VII-VIII\POIP\KURS\KURS\Kursovoy\Applications\Button\TaskButton.cpp
#    Command line =
#        -f C:\Users\User\AppData\Local\Temp\EW32FA.tmp
#        (D:\kraizette\STD\VII-VIII\POIP\KURS\KURS\Kursovoy\Applications\Button\TaskButton.cpp
#        -lC D:\kraizette\STD\VII-VIII\POIP\KURS\KURS\Kursovoy\Debug\List -lA
#        D:\kraizette\STD\VII-VIII\POIP\KURS\KURS\Kursovoy\Debug\List -o
#        D:\kraizette\STD\VII-VIII\POIP\KURS\KURS\Kursovoy\Debug\Obj --no_cse
#        --no_unroll --no_inline --no_code_motion --no_tbaa --no_clustering
#        --no_scheduling --debug --endian=little --cpu=Cortex-M4 -e
#        --fpu=VFPv4_sp --dlib_config "C:\Programs\IAR
#        Arm\arm\inc\c\DLib_Config_Normal.h" -I
#        D:\kraizette\STD\VII-VIII\POIP\KURS\KURS\Kursovoy\Rtos\ -I
#        D:\kraizette\STD\VII-VIII\POIP\KURS\KURS\Kursovoy\Rtos\wrapper\ -I
#        D:\kraizette\STD\VII-VIII\POIP\KURS\KURS\Kursovoy\Rtos\wrapper\FreeRtos\
#        -I D:\kraizette\STD\VII-VIII\POIP\KURS\KURS\Kursovoy\Rtos\FreeRtos\ -I
#        D:\kraizette\STD\VII-VIII\POIP\KURS\KURS\Kursovoy\Rtos\FreeRtos\include\
#        -I
#        D:\kraizette\STD\VII-VIII\POIP\KURS\KURS\Kursovoy\Rtos\FreeRtos\portable\
#        -I
#        D:\kraizette\STD\VII-VIII\POIP\KURS\KURS\Kursovoy\Rtos\FreeRtos\portable\Common\
#        -I
#        D:\kraizette\STD\VII-VIII\POIP\KURS\KURS\Kursovoy\Rtos\FreeRtos\portable\IAR\
#        -I
#        D:\kraizette\STD\VII-VIII\POIP\KURS\KURS\Kursovoy\Rtos\FreeRtos\portable\IAR\ARM_CM4F\
#        -I
#        D:\kraizette\STD\VII-VIII\POIP\KURS\KURS\Kursovoy\Rtos\FreeRtos\portable\MemMang\
#        -I D:\kraizette\STD\VII-VIII\POIP\KURS\KURS\Kursovoy\MyTasks\ -I
#        D:\kraizette\STD\VII-VIII\POIP\KURS\KURS\Kursovoy\Common\ -I
#        D:\kraizette\STD\VII-VIII\POIP\KURS\KURS\Kursovoy\CMSIS\ -I
#        D:\kraizette\STD\VII-VIII\POIP\KURS\KURS\Kursovoy\Application\ -I
#        D:\kraizette\STD\VII-VIII\POIP\KURS\KURS\Kursovoy\Application\Diagnostic\
#        -I D:\kraizette\STD\VII-VIII\POIP\KURS\KURS\Kursovoy\AHardware\ -I
#        D:\kraizette\STD\VII-VIII\POIP\KURS\KURS\Kursovoy\AHardware\GpioPort\
#        -I
#        D:\kraizette\STD\VII-VIII\POIP\KURS\KURS\Kursovoy\AHardware\IrqController\
#        -I
#        D:\kraizette\STD\VII-VIII\POIP\KURS\KURS\Kursovoy\..\CortexLib\AbstractHardware\Pin\
#        -I
#        D:\kraizette\STD\VII-VIII\POIP\KURS\KURS\Kursovoy\..\CortexLib\AbstractHardware\Registers\STM32F411\FieldValues\
#        -I
#        D:\kraizette\STD\VII-VIII\POIP\KURS\KURS\Kursovoy\..\CortexLib\AbstractHardware\Registers\STM32F411\
#        -I
#        D:\kraizette\STD\VII-VIII\POIP\KURS\KURS\Kursovoy\..\CortexLib\AbstractHardware\Registers\
#        -I
#        D:\kraizette\STD\VII-VIII\POIP\KURS\KURS\Kursovoy\..\CortexLib\AbstractHardware\Port\
#        -I
#        D:\kraizette\STD\VII-VIII\POIP\KURS\KURS\Kursovoy\..\CortexLib\AbstractHardware\Atomic\
#        -I
#        D:\kraizette\STD\VII-VIII\POIP\KURS\KURS\Kursovoy\..\CortexLib\Common\
#        -I
#        D:\kraizette\STD\VII-VIII\POIP\KURS\KURS\Kursovoy\..\CortexLib\Common\Singleton\
#        -I D:\kraizette\STD\VII-VIII\POIP\KURS\KURS\Kursovoy\AbstractHardware\
#        -Ol --c++ --no_exceptions --no_rtti)
#    Locale       =  C
#    List file    =
#        D:\kraizette\STD\VII-VIII\POIP\KURS\KURS\Kursovoy\Debug\List\TaskButton.lst
#    Object file  =
#        D:\kraizette\STD\VII-VIII\POIP\KURS\KURS\Kursovoy\Debug\Obj\TaskButton.o
#
###############################################################################



 
 
 0 bytes of memory

Errors: none
Warnings: none
